# cmd: /lustre/nvwulf/scratch/parapatel/imu_project/IMUCoCo-2.0/venv/bin/python evaluate.py --checkpoint checkpoints/penalty_sweep/best_final/best_model_fold0.pt --data data/processed/penalty_sweep_dataset.npz --out_dir results/penalty_sweep/physics_topk_sweep_20260514_025010/stageA/w-classifier_only__k5__soft --rerank_windows 0 --physics_rerank --physics_calibration calibration --physics_stats stats --rerank_n_sensors 2,3,4,5 --rerank_n_windows 1 --rerank_n_trials 500 --physics_k 5 --rerank_seed 0 --physics_weights 0.0 0.0 0.0 0.0 --base_filters 128
# started: 2026-05-14 07:14:39

2026-05-14 07:14:41,428  INFO      Device: cuda
2026-05-14 07:14:41,586  INFO      base_filters=128 (from --base_filters override)
2026-05-14 07:14:41,606  INFO      Loaded checkpoint  arch=resnet  in_channels=9  base_filters=128  fold=0
2026-05-14 07:14:41,606  INFO      No --test_subject provided; using checkpoint test_subj=1
2026-05-14 07:14:42,462  INFO      Filtered to subject 1  →  2784 windows
2026-05-14 07:14:42,474  INFO      Running inference on 2784 windows …
2026-05-14 07:14:42,760  INFO      
── Top-k Accuracy ─────────────────────────────────────────
2026-05-14 07:14:42,760  INFO        Top-1  accuracy : 0.8287  (2307 / 2784)
2026-05-14 07:14:42,760  INFO        Top-2  accuracy : 0.9422  (2623 / 2784)
2026-05-14 07:14:42,760  INFO        Top-3  accuracy : 0.9695  (2699 / 2784)
2026-05-14 07:14:42,760  INFO        Top-5  accuracy : 0.9784  (2724 / 2784)
2026-05-14 07:14:42,760  INFO        Top-10 accuracy : 0.9871  (2748 / 2784)
2026-05-14 07:14:42,760  INFO      Per-window (top-1) accuracy: 0.8287
2026-05-14 07:14:42,760  INFO      Re-ranking disabled (--rerank_windows not set).
2026-05-14 07:14:42,760  INFO      
── Physics combo re-ranking ───────────────────────────────
2026-05-14 07:14:42,760  INFO        Loading calibration & stats …
2026-05-14 07:14:42,762  INFO        n_sensors=[2, 3, 4, 5]  n_windows=1  n_trials=500  k=5  weights=[0.0, 0.0, 0.0, 0.0]
2026-05-14 07:14:42,762  INFO        --- soft mode (no hard elimination) ---
2026-05-14 07:15:56,441  INFO        x=2  exact=0.6520  per_sensor=0.8140  trials=500  elim_mean=0.00
2026-05-14 07:24:19,815  INFO        x=3  exact=0.6040  per_sensor=0.8420  trials=500  elim_mean=0.00
2026-05-14 08:12:40,442  INFO        x=4  exact=0.4820  per_sensor=0.8360  trials=500  elim_mean=0.00
