# cmd: /lustre/nvwulf/scratch/parapatel/imu_project/IMUCoCo-2.0/venv/bin/python evaluate.py --checkpoint checkpoints/penalty_sweep/best_final/best_model_fold0.pt --data data/processed/penalty_sweep_dataset.npz --out_dir results/penalty_sweep/physics_topk_sweep_20260514_025010/stageA/w-classifier_only__k3__soft --rerank_windows 0 --physics_rerank --physics_calibration calibration --physics_stats stats --rerank_n_sensors 2,3,4,5 --rerank_n_windows 1 --rerank_n_trials 500 --physics_k 3 --rerank_seed 0 --physics_weights 0.0 0.0 0.0 0.0 --base_filters 128
# started: 2026-05-14 02:50:45

2026-05-14 02:51:04,383  INFO      Device: cuda
2026-05-14 02:51:04,968  INFO      base_filters=128 (from --base_filters override)
2026-05-14 02:51:05,124  INFO      Loaded checkpoint  arch=resnet  in_channels=9  base_filters=128  fold=0
2026-05-14 02:51:05,125  INFO      No --test_subject provided; using checkpoint test_subj=1
2026-05-14 02:51:06,097  INFO      Filtered to subject 1  →  2784 windows
2026-05-14 02:51:06,126  INFO      Running inference on 2784 windows …
2026-05-14 02:51:12,543  INFO      
── Top-k Accuracy ─────────────────────────────────────────
2026-05-14 02:51:12,543  INFO        Top-1  accuracy : 0.8287  (2307 / 2784)
2026-05-14 02:51:12,543  INFO        Top-2  accuracy : 0.9422  (2623 / 2784)
2026-05-14 02:51:12,543  INFO        Top-3  accuracy : 0.9695  (2699 / 2784)
2026-05-14 02:51:12,543  INFO        Top-5  accuracy : 0.9784  (2724 / 2784)
2026-05-14 02:51:12,543  INFO        Top-10 accuracy : 0.9871  (2748 / 2784)
2026-05-14 02:51:12,543  INFO      Per-window (top-1) accuracy: 0.8287
2026-05-14 02:51:12,543  INFO      Re-ranking disabled (--rerank_windows not set).
2026-05-14 02:51:12,543  INFO      
── Physics combo re-ranking ───────────────────────────────
2026-05-14 02:51:12,543  INFO        Loading calibration & stats …
2026-05-14 02:51:12,603  INFO        n_sensors=[2, 3, 4, 5]  n_windows=1  n_trials=500  k=3  weights=[0.0, 0.0, 0.0, 0.0]
2026-05-14 02:51:12,603  INFO        --- soft mode (no hard elimination) ---
2026-05-14 02:51:38,995  INFO        x=2  exact=0.6520  per_sensor=0.8140  trials=500  elim_mean=0.00
2026-05-14 02:53:28,808  INFO        x=3  exact=0.6040  per_sensor=0.8420  trials=500  elim_mean=0.00
2026-05-14 02:59:52,580  INFO        x=4  exact=0.4820  per_sensor=0.8360  trials=500  elim_mean=0.00
2026-05-14 03:19:50,987  INFO        x=5  exact=0.3880  per_sensor=0.8348  trials=500  elim_mean=0.00
2026-05-14 03:19:51,042  INFO      Majority-vote accuracy: 0.0571  (locked 2.5% of windows)
2026-05-14 03:19:52,389  INFO      Confusion matrix saved → results/penalty_sweep/physics_topk_sweep_20260514_025010/stageA/w-classifier_only__k3__soft/confusion_matrix.png
2026-05-14 03:19:52,389  INFO      
── Symmetry Confusion (top 5) ─────────────────────────────
2026-05-14 03:19:52,389  INFO        l_hip          ↔ r_hip           avg_rate=0.224
2026-05-14 03:19:52,390  INFO        l_thigh        ↔ r_thigh         avg_rate=0.065
2026-05-14 03:19:52,390  INFO        l_hand         ↔ r_hand          avg_rate=0.004
2026-05-14 03:19:52,390  INFO        l_shin         ↔ r_shin          avg_rate=0.000
2026-05-14 03:19:52,390  INFO        l_foot         ↔ r_foot          avg_rate=0.000
2026-05-14 03:19:52,390  INFO      
── Left-Right Confusion Breakdown ─────────────────────────
2026-05-14 03:19:52,390  INFO        Total errors      : 477 / 2784  (17.1%)
2026-05-14 03:19:52,390  INFO        L↔R mirror errors : 68 / 477 errors  (14.3% of all errors)
2026-05-14 03:19:52,390  INFO        Per symmetric pair (sorted by error count):
2026-05-14 03:19:52,390  INFO          l_hip ↔ r_hip                         total=52
2026-05-14 03:19:52,390  INFO            l_hip→r_hip                              22
2026-05-14 03:19:52,390  INFO            r_hip→l_hip                              30
2026-05-14 03:19:52,390  INFO          l_thigh ↔ r_thigh                     total=15
2026-05-14 03:19:52,390  INFO            l_thigh→r_thigh                          10
2026-05-14 03:19:52,390  INFO            r_thigh→l_thigh                          5
2026-05-14 03:19:52,390  INFO          l_hand ↔ r_hand                       total=1
2026-05-14 03:19:52,390  INFO            l_hand→r_hand                            1
2026-05-14 03:19:52,390  INFO            r_hand→l_hand                            0
2026-05-14 03:19:52,429  INFO      
── Spatial Error (mis-classified samples) ─────────────────
2026-05-14 03:19:52,430  INFO        N wrong      : 477 / 2784  (17.1%)
2026-05-14 03:19:52,430  INFO        Mean error   : 0.2784 m
2026-05-14 03:19:52,430  INFO        Std error    : 0.1470 m
2026-05-14 03:19:52,435  INFO      
── Classification Report ───────────────────────────────────
              precision    recall  f1-score   support

      pelvis       1.00      1.00      1.00       116
       l_hip       0.76      0.81      0.78       116
       r_hip       0.78      0.66      0.72       116
 spine_lower       0.98      0.98      0.98       116
     l_thigh       0.93      0.84      0.89       116
     r_thigh       0.78      0.90      0.83       116
   spine_mid       0.99      0.99      0.99       116
      l_shin       0.81      0.97      0.88       116
      r_shin       0.94      0.92      0.93       116
 spine_upper       0.86      0.98      0.92       116
      l_foot       0.95      0.88      0.91       116
      r_foot       0.88      0.81      0.84       116
        neck       0.96      0.83      0.89       116
    l_collar       0.99      0.98      0.99       116
    r_collar       0.95      1.00      0.97       116
        head       0.96      0.89      0.92       116
  l_shoulder       0.80      0.98      0.88       116
  r_shoulder       0.80      0.94      0.87       116
 l_upper_arm       0.57      0.68      0.62       116
 r_upper_arm       0.54      0.84      0.66       116
   l_forearm       0.62      0.60      0.61       116
   r_forearm       0.53      0.41      0.47       116
      l_hand       0.91      0.51      0.65       116
      r_hand       0.85      0.46      0.60       116

    accuracy                           0.83      2784
   macro avg       0.84      0.83      0.83      2784
weighted avg       0.84      0.83      0.83      2784

2026-05-14 03:19:52,435  INFO      
── Top-10 non-L/R confused pairs ──────────────────────────
2026-05-14 03:19:52,435  INFO         1. r_forearm        → r_upper_arm       count=55  (47.4% of true class)
2026-05-14 03:19:52,435  INFO         2. r_hand           → r_forearm         count=39  (33.6% of true class)
2026-05-14 03:19:52,435  INFO         3. l_forearm        → l_upper_arm       count=35  (30.2% of true class)
2026-05-14 03:19:52,435  INFO         4. l_hand           → l_forearm         count=31  (26.7% of true class)
2026-05-14 03:19:52,435  INFO         5. l_hand           → l_upper_arm       count=24  (20.7% of true class)
2026-05-14 03:19:52,435  INFO         6. l_upper_arm      → l_shoulder        count=22  (19.0% of true class)
2026-05-14 03:19:52,435  INFO         7. r_hand           → r_upper_arm       count=22  (19.0% of true class)
2026-05-14 03:19:52,435  INFO         8. r_foot           → l_shin            count=20  (17.2% of true class)
2026-05-14 03:19:52,435  INFO         9. r_upper_arm      → r_shoulder        count=14  (12.1% of true class)
2026-05-14 03:19:52,435  INFO        10. l_upper_arm      → l_forearm         count=11  (9.5% of true class)
2026-05-14 03:19:52,436  INFO      
── Per-class top-k accuracy ────────────────────────────────
2026-05-14 03:19:52,436  INFO        Class              top 1 top 2 top 3 top 5 top10
2026-05-14 03:19:52,436  INFO        ------------------------------------------------
2026-05-14 03:19:52,436  INFO        pelvis             1.000 1.000 1.000 1.000 1.000  (n=116)
2026-05-14 03:19:52,436  INFO        l_hip              0.810 0.983 0.983 1.000 1.000  (n=116)
2026-05-14 03:19:52,436  INFO        r_hip              0.664 0.991 1.000 1.000 1.000  (n=116)
2026-05-14 03:19:52,436  INFO        spine_lower        0.983 1.000 1.000 1.000 1.000  (n=116)
2026-05-14 03:19:52,436  INFO        l_thigh            0.845 0.974 0.991 1.000 1.000  (n=116)
2026-05-14 03:19:52,436  INFO        r_thigh            0.897 0.957 0.966 0.983 1.000  (n=116)
2026-05-14 03:19:52,436  INFO        spine_mid          0.991 1.000 1.000 1.000 1.000  (n=116)
2026-05-14 03:19:52,436  INFO        l_shin             0.974 1.000 1.000 1.000 1.000  (n=116)
2026-05-14 03:19:52,436  INFO        r_shin             0.922 0.991 1.000 1.000 1.000  (n=116)
2026-05-14 03:19:52,437  INFO        spine_upper        0.983 0.991 0.991 0.991 1.000  (n=116)
2026-05-14 03:19:52,437  INFO        l_foot             0.879 0.905 0.983 1.000 1.000  (n=116)
2026-05-14 03:19:52,437  INFO        r_foot             0.810 0.905 0.974 1.000 1.000  (n=116)
2026-05-14 03:19:52,437  INFO        neck               0.828 0.922 0.983 0.991 1.000  (n=116)
2026-05-14 03:19:52,437  INFO        l_collar           0.983 0.991 1.000 1.000 1.000  (n=116)
2026-05-14 03:19:52,437  INFO        r_collar           1.000 1.000 1.000 1.000 1.000  (n=116)
2026-05-14 03:19:52,437  INFO        head               0.888 0.966 0.983 0.983 1.000  (n=116)
2026-05-14 03:19:52,437  INFO        l_shoulder         0.983 0.991 0.991 1.000 1.000  (n=116)
2026-05-14 03:19:52,437  INFO        r_shoulder         0.940 1.000 1.000 1.000 1.000  (n=116)
2026-05-14 03:19:52,437  INFO        l_upper_arm        0.681 0.897 0.966 0.966 0.983  (n=116)
2026-05-14 03:19:52,437  INFO        r_upper_arm        0.845 0.974 0.983 1.000 1.000  (n=116)
2026-05-14 03:19:52,437  INFO        l_forearm          0.603 0.897 0.974 0.991 0.991  (n=116)
2026-05-14 03:19:52,437  INFO        r_forearm          0.414 0.741 0.828 0.853 0.879  (n=116)
2026-05-14 03:19:52,437  INFO        l_hand             0.509 0.767 0.802 0.810 0.888  (n=116)
2026-05-14 03:19:52,437  INFO        r_hand             0.457 0.767 0.871 0.914 0.948  (n=116)
2026-05-14 03:19:52,438  INFO      
✓ Evaluation complete.  Summary saved → results/penalty_sweep/physics_topk_sweep_20260514_025010/stageA/w-classifier_only__k3__soft/eval_summary.json
[load_calibration] Loaded calibration/region_sensor_rotmats.npy shape=(24, 3, 3)
[load_stats] Loaded joint_angle_limits
[load_stats] Loaded accel_distributions
[load_stats] Loaded gravity_distributions
[load_stats] Loaded per_region_orientation_limits
